Godot Engine v4.7.2.stable.steam.ed1daf0bf - https://godotengine.org

[   0% ] first_scan_filesystem | Started Инициализация проекта (5 steps)
[   0% ] first_scan_filesystem | Сканирование структуры файлов…
[  16% ] first_scan_filesystem | Загрузка глобальных имен классов…
[  33% ] first_scan_filesystem | Проверка GDExtensions…
[  50% ] first_scan_filesystem | Создание скриптов автозагрузки…
[  66% ] first_scan_filesystem | Инициализация плагинов…
[  83% ] first_scan_filesystem | Начало сканирование файлов…
[ DONE ] first_scan_filesystem

[   0% ] _update_scan_actions | Started Сканирование действий… (16 steps)
[   0% ] _update_scan_actions | civilian_brute_a_gpu.glb
[   5% ] _update_scan_actions | civilian_brute_a_rigged.glb
[  11% ] _update_scan_actions | civilian_child_a_gpu.glb
[  17% ] _update_scan_actions | civilian_child_a_rigged.glb
[  23% ] _update_scan_actions | civilian_elder_a_gpu.glb
[  29% ] _update_scan_actions | civilian_elder_a_rigged.glb
[  35% ] _update_scan_actions | civilian_journalist_a_gpu.glb
[  41% ] _update_scan_actions | civilian_journalist_a_rigged.glb
[  47% ] _update_scan_actions | civilian_normal_a_gpu.glb
[  52% ] _update_scan_actions | civilian_normal_a_rigged.glb
[  58% ] _update_scan_actions | patient_zero_gpu.glb
[  64% ] _update_scan_actions | patient_zero_rigged.glb
[  70% ] _update_scan_actions | police_officer_a_gpu.glb
[  76% ] _update_scan_actions | police_officer_a_rigged.glb
[  82% ] _update_scan_actions | swat_officer_a_gpu.glb
[  88% ] _update_scan_actions | swat_officer_a_rigged.glb
[ DONE ] _update_scan_actions

[   0% ] reimport | Started Импорт или повторный импорт ассетов (16 steps)
[   0% ] reimport | Подготовка файлов к повторному импорту…
[   5% ] reimport | Подготовка файлов к повторному импорту…
[  11% ] reimport | Подготовка файлов к повторному импорту…
[  17% ] reimport | Подготовка файлов к повторному импорту…
[  23% ] reimport | Подготовка файлов к повторному импорту…
[  29% ] reimport | Подготовка файлов к повторному импорту…
[  35% ] reimport | Подготовка файлов к повторному импорту…
[  41% ] reimport | Подготовка файлов к повторному импорту…
[  47% ] reimport | Подготовка файлов к повторному импорту…
[  52% ] reimport | Подготовка файлов к повторному импорту…
[  58% ] reimport | Подготовка файлов к повторному импорту…
[  64% ] reimport | Подготовка файлов к повторному импорту…
[  70% ] reimport | Подготовка файлов к повторному импорту…
[  76% ] reimport | Подготовка файлов к повторному импорту…
[  82% ] reimport | Подготовка файлов к повторному импорту…
[  88% ] reimport | Подготовка файлов к повторному импорту…
[   0% ] reimport | Выполнение предимпортных операций…
[   0% ] reimport | civilian_brute_a_gpu.glb
[   0% ] import | Started Импортировать сцену (104 steps)
[   0% ] import | Импорт сцены…
[   1% ] import | Запуск пользовательского скрипта…
[  99% ] import | Сохранение…
[ DONE ] import

[   5% ] reimport | civilian_brute_a_rigged.glb
[   0% ] import | Started Импортировать сцену (104 steps)
[   0% ] import | Импорт сцены…
[   1% ] import | Запуск пользовательского скрипта…
[  99% ] import | Сохранение…
[ DONE ] import

[  11% ] reimport | civilian_child_a_gpu.glb
[   0% ] import | Started Импортировать сцену (104 steps)
[   0% ] import | Импорт сцены…
[   1% ] import | Запуск пользовательского скрипта…
[  99% ] import | Сохранение…
[ DONE ] import

[  17% ] reimport | civilian_child_a_rigged.glb
[   0% ] import | Started Импортировать сцену (104 steps)
[   0% ] import | Импорт сцены…
[   1% ] import | Запуск пользовательского скрипта…
[  99% ] import | Сохранение…
[ DONE ] import

[  23% ] reimport | civilian_elder_a_gpu.glb
[   0% ] import | Started Импортировать сцену (104 steps)
[   0% ] import | Импорт сцены…
[   1% ] import | Запуск пользовательского скрипта…
[  99% ] import | Сохранение…
[ DONE ] import

[  29% ] reimport | civilian_elder_a_rigged.glb
[   0% ] import | Started Импортировать сцену (104 steps)
[   0% ] import | Импорт сцены…
[   1% ] import | Запуск пользовательского скрипта…
[  99% ] import | Сохранение…
[ DONE ] import

[  35% ] reimport | civilian_journalist_a_gpu.glb
[   0% ] import | Started Импортировать сцену (104 steps)
[   0% ] import | Импорт сцены…
[   1% ] import | Запуск пользовательского скрипта…
[  99% ] import | Сохранение…
[ DONE ] import

[  41% ] reimport | civilian_journalist_a_rigged.glb
[   0% ] import | Started Импортировать сцену (104 steps)
[   0% ] import | Импорт сцены…
[   1% ] import | Запуск пользовательского скрипта…
[  99% ] import | Сохранение…
[ DONE ] import

[  47% ] reimport | civilian_normal_a_gpu.glb
[   0% ] import | Started Импортировать сцену (104 steps)
[   0% ] import | Импорт сцены…
[   1% ] import | Запуск пользовательского скрипта…
[  99% ] import | Сохранение…
[ DONE ] import

[  52% ] reimport | civilian_normal_a_rigged.glb
[   0% ] import | Started Импортировать сцену (104 steps)
[   0% ] import | Импорт сцены…
[   1% ] import | Запуск пользовательского скрипта…
[  99% ] import | Сохранение…
[ DONE ] import

[  58% ] reimport | patient_zero_gpu.glb
[   0% ] import | Started Импортировать сцену (104 steps)
[   0% ] import | Импорт сцены…
[   1% ] import | Запуск пользовательского скрипта…
[  99% ] import | Сохранение…
[ DONE ] import

[  64% ] reimport | patient_zero_rigged.glb
[   0% ] import | Started Импортировать сцену (104 steps)
[   0% ] import | Импорт сцены…
[   1% ] import | Запуск пользовательского скрипта…
[  99% ] import | Сохранение…
[ DONE ] import

[  70% ] reimport | police_officer_a_gpu.glb
[   0% ] import | Started Импортировать сцену (104 steps)
[   0% ] import | Импорт сцены…
[   1% ] import | Запуск пользовательского скрипта…
[  99% ] import | Сохранение…
[ DONE ] import

[  76% ] reimport | police_officer_a_rigged.glb
[   0% ] import | Started Импортировать сцену (104 steps)
[   0% ] import | Импорт сцены…
[   1% ] import | Запуск пользовательского скрипта…
[  99% ] import | Сохранение…
[ DONE ] import

[  82% ] reimport | swat_officer_a_gpu.glb
[   0% ] import | Started Импортировать сцену (104 steps)
[   0% ] import | Импорт сцены…
[   1% ] import | Запуск пользовательского скрипта…
[  99% ] import | Сохранение…
[ DONE ] import

[  88% ] reimport | swat_officer_a_rigged.glb
[   0% ] import | Started Импортировать сцену (104 steps)
[   0% ] import | Импорт сцены…
[   1% ] import | Запуск пользовательского скрипта…
[  99% ] import | Сохранение…
[ DONE ] import

[  94% ] reimport | Завершение импорта активов…
[ DONE ] reimport

[   0% ] reimport | Started Импорт или повторный импорт ассетов (16 steps)
[   0% ] reimport | Выполнение операций после реимпорта…
[ DONE ] reimport

[   0% ] loading_editor_layout | Started Загрузка редактора (5 steps)
[   0% ] loading_editor_layout | Загрузка макета редактора…
[  16% ] loading_editor_layout | Загрузка док-панели…
[  33% ] loading_editor_layout | Повторное открытие сцен…
[  50% ] loading_editor_layout | Загрузка макета центрального редактора…
[  66% ] loading_editor_layout | Загрузка макета окна плагина…
[  83% ] loading_editor_layout | Макет редактора готов.
[ DONE ] loading_editor_layout

