Godot Engine v4.7.2.stable.steam.ed1daf0bf - https://godotengine.org

[   0% ] first_scan_filesystem | Started Инициализация проекта (5 steps)
[   0% ] first_scan_filesystem | Сканирование структуры файлов…
[  16% ] first_scan_filesystem | Загрузка глобальных имен классов…
[  33% ] first_scan_filesystem | Проверка GDExtensions…
[  50% ] first_scan_filesystem | Создание скриптов автозагрузки…
[  66% ] first_scan_filesystem | Инициализация плагинов…
[  83% ] first_scan_filesystem | Начало сканирование файлов…
[ DONE ] first_scan_filesystem

[   0% ] _update_scan_actions | Started Сканирование действий… (12 steps)
[   0% ] _update_scan_actions | building_apartment_9.glb
[   7% ] _update_scan_actions | building_apartment_10.glb
[  15% ] _update_scan_actions | building_apartment_13.glb
[  23% ] _update_scan_actions | building_apartment_16.glb
[  30% ] _update_scan_actions | building_apartment_a.glb
[  38% ] _update_scan_actions | building_office_7.glb
[  46% ] _update_scan_actions | building_office_a.glb
[  53% ] _update_scan_actions | building_utility_5.glb
[  61% ] _update_scan_actions | building_utility_11.glb
[  69% ] _update_scan_actions | building_utility_12.glb
[  76% ] _update_scan_actions | building_utility_15.glb
[  84% ] _update_scan_actions | building_utility_a.glb
[ DONE ] _update_scan_actions

[   0% ] reimport | Started Импорт или повторный импорт ассетов (12 steps)
[   0% ] reimport | Подготовка файлов к повторному импорту…
[   7% ] reimport | Подготовка файлов к повторному импорту…
[  15% ] reimport | Подготовка файлов к повторному импорту…
[  23% ] reimport | Подготовка файлов к повторному импорту…
[  30% ] reimport | Подготовка файлов к повторному импорту…
[  38% ] reimport | Подготовка файлов к повторному импорту…
[  46% ] reimport | Подготовка файлов к повторному импорту…
[  53% ] reimport | Подготовка файлов к повторному импорту…
[  61% ] reimport | Подготовка файлов к повторному импорту…
[  69% ] reimport | Подготовка файлов к повторному импорту…
[  76% ] reimport | Подготовка файлов к повторному импорту…
[  84% ] reimport | Подготовка файлов к повторному импорту…
[   0% ] reimport | Выполнение предимпортных операций…
[   0% ] reimport | building_apartment_9.glb
[   0% ] import | Started Импортировать сцену (104 steps)
[   0% ] import | Импорт сцены…
[   1% ] import | Запуск пользовательского скрипта…
[  99% ] import | Сохранение…
[ DONE ] import

[   7% ] reimport | building_apartment_10.glb
[   0% ] import | Started Импортировать сцену (104 steps)
[   0% ] import | Импорт сцены…
[   1% ] import | Запуск пользовательского скрипта…
[  99% ] import | Сохранение…
[ DONE ] import

[  15% ] reimport | building_apartment_13.glb
[   0% ] import | Started Импортировать сцену (104 steps)
[   0% ] import | Импорт сцены…
[   1% ] import | Запуск пользовательского скрипта…
[  99% ] import | Сохранение…
[ DONE ] import

[  23% ] reimport | building_apartment_16.glb
[   0% ] import | Started Импортировать сцену (104 steps)
[   0% ] import | Импорт сцены…
[   1% ] import | Запуск пользовательского скрипта…
[  99% ] import | Сохранение…
[ DONE ] import

[  30% ] reimport | building_apartment_a.glb
[   0% ] import | Started Импортировать сцену (104 steps)
[   0% ] import | Импорт сцены…
[   1% ] import | Запуск пользовательского скрипта…
[  99% ] import | Сохранение…
[ DONE ] import

[  38% ] reimport | building_office_7.glb
[   0% ] import | Started Импортировать сцену (104 steps)
[   0% ] import | Импорт сцены…
[   1% ] import | Запуск пользовательского скрипта…
[  99% ] import | Сохранение…
[ DONE ] import

[  46% ] reimport | building_office_a.glb
[   0% ] import | Started Импортировать сцену (104 steps)
[   0% ] import | Импорт сцены…
[   1% ] import | Запуск пользовательского скрипта…
[  99% ] import | Сохранение…
[ DONE ] import

[  53% ] reimport | building_utility_5.glb
[   0% ] import | Started Импортировать сцену (104 steps)
[   0% ] import | Импорт сцены…
[   1% ] import | Запуск пользовательского скрипта…
[  99% ] import | Сохранение…
[ DONE ] import

[  61% ] reimport | building_utility_11.glb
[   0% ] import | Started Импортировать сцену (104 steps)
[   0% ] import | Импорт сцены…
[   1% ] import | Запуск пользовательского скрипта…
[  99% ] import | Сохранение…
[ DONE ] import

[  69% ] reimport | building_utility_12.glb
[   0% ] import | Started Импортировать сцену (104 steps)
[   0% ] import | Импорт сцены…
[   1% ] import | Запуск пользовательского скрипта…
[  99% ] import | Сохранение…
[ DONE ] import

[  76% ] reimport | building_utility_15.glb
[   0% ] import | Started Импортировать сцену (104 steps)
[   0% ] import | Импорт сцены…
[   1% ] import | Запуск пользовательского скрипта…
[  99% ] import | Сохранение…
[ DONE ] import

[  84% ] reimport | building_utility_a.glb
[   0% ] import | Started Импортировать сцену (104 steps)
[   0% ] import | Импорт сцены…
[   1% ] import | Запуск пользовательского скрипта…
[  99% ] import | Сохранение…
[ DONE ] import

[  92% ] reimport | Завершение импорта активов…
[ DONE ] reimport

[   0% ] reimport | Started Импорт или повторный импорт ассетов (12 steps)
[   0% ] reimport | Выполнение операций после реимпорта…
[ DONE ] reimport

[   0% ] loading_editor_layout | Started Загрузка редактора (5 steps)
[   0% ] loading_editor_layout | Загрузка макета редактора…
[  16% ] loading_editor_layout | Загрузка док-панели…
[  33% ] loading_editor_layout | Повторное открытие сцен…
[  50% ] loading_editor_layout | Загрузка макета центрального редактора…
[  66% ] loading_editor_layout | Загрузка макета окна плагина…
[  83% ] loading_editor_layout | Макет редактора готов.
[ DONE ] loading_editor_layout

