Godot Engine v4.7.2.stable.steam.ed1daf0bf - https://godotengine.org

[   0% ] first_scan_filesystem | Started Инициализация проекта (5 steps)
[   0% ] first_scan_filesystem | Сканирование структуры файлов…
[  16% ] first_scan_filesystem | Загрузка глобальных имен классов…
[  33% ] first_scan_filesystem | Проверка GDExtensions…
[  50% ] first_scan_filesystem | Создание скриптов автозагрузки…
[  66% ] first_scan_filesystem | Инициализация плагинов…
[  83% ] first_scan_filesystem | Начало сканирование файлов…
[ DONE ] first_scan_filesystem

[   0% ] _update_scan_actions | Started Сканирование действий… (10 steps)
[   0% ] _update_scan_actions | building_house_a.glb
[   9% ] _update_scan_actions | civilian_brute_a.glb
[  18% ] _update_scan_actions | civilian_child_a.glb
[  27% ] _update_scan_actions | civilian_elder_a.glb
[  36% ] _update_scan_actions | civilian_journalist_a.glb
[  45% ] _update_scan_actions | civilian_normal_a.glb
[  54% ] _update_scan_actions | patient_zero.glb
[  63% ] _update_scan_actions | police_officer_a.glb
[  72% ] _update_scan_actions | swat_officer_a.glb
[  81% ] _update_scan_actions | evac_bus.glb
[ DONE ] _update_scan_actions

[   0% ] reimport | Started Импорт или повторный импорт ассетов (2 steps)
[   0% ] reimport | Подготовка файлов к повторному импорту…
[  33% ] reimport | Подготовка файлов к повторному импорту…
[   0% ] reimport | Выполнение предимпортных операций…
[   0% ] preload_reimporting_scene | Started Подготовка сцен к перезагрузке (1 steps)
[   0% ] preload_reimporting_scene | Анализ сцены [пусто]
[  50% ] preload_reimporting_scene | Подготовка завершена.
[ DONE ] preload_reimporting_scene

[   0% ] reimport | civilian_child_a_patient_zero_palette.png
[  33% ] reimport | civilian_child_a.glb
[   0% ] import | Started Импортировать сцену (104 steps)
[   0% ] import | Импорт сцены…
[   1% ] import | Запуск пользовательского скрипта…
[  99% ] import | Сохранение…
[ DONE ] import

[  66% ] reimport | Завершение импорта активов…
[ DONE ] reimport

[   0% ] reimport | Started Импорт или повторный импорт ассетов (2 steps)
[   0% ] reimport | Выполнение операций после реимпорта…
[ DONE ] reimport

[   0% ] loading_editor_layout | Started Загрузка редактора (5 steps)
[   0% ] loading_editor_layout | Загрузка макета редактора…
[  16% ] loading_editor_layout | Загрузка док-панели…
[  33% ] loading_editor_layout | Повторное открытие сцен…
[  50% ] loading_editor_layout | Загрузка макета центрального редактора…
[  66% ] loading_editor_layout | Загрузка макета окна плагина…
[  83% ] loading_editor_layout | Макет редактора готов.
[ DONE ] loading_editor_layout

