Godot Engine v4.7.2.stable.steam.ed1daf0bf - https://godotengine.org

[   0% ] first_scan_filesystem | Started Инициализация проекта (5 steps)
[   0% ] first_scan_filesystem | Сканирование структуры файлов…
[  16% ] first_scan_filesystem | Загрузка глобальных имен классов…
[  33% ] first_scan_filesystem | Проверка GDExtensions…
[  50% ] first_scan_filesystem | Создание скриптов автозагрузки…
[  66% ] first_scan_filesystem | Инициализация плагинов…
[  83% ] first_scan_filesystem | Начало сканирование файлов…
[ DONE ] first_scan_filesystem

[   0% ] update_scripts_classes | Started Регистрация глобальных классов… (2 steps)
[   0% ] update_scripts_classes | 
[  33% ] update_scripts_classes | 
[ DONE ] update_scripts_classes

[   0% ] _update_scan_actions | Started Сканирование действий… (8 steps)
[   0% ] _update_scan_actions | bus_shelter.glb
[  11% ] _update_scan_actions | bus_stop_sign.glb
[  22% ] _update_scan_actions | parked_hatchback.glb
[  33% ] _update_scan_actions | parked_sedan.glb
[  44% ] _update_scan_actions | street_bench.glb
[  55% ] _update_scan_actions | street_bin.glb
[  66% ] _update_scan_actions | street_lamp.glb
[  77% ] _update_scan_actions | street_planter.glb
[ DONE ] _update_scan_actions

[   0% ] reimport | Started Импорт или повторный импорт ассетов (8 steps)
[   0% ] reimport | Подготовка файлов к повторному импорту…
[  11% ] reimport | Подготовка файлов к повторному импорту…
[  22% ] reimport | Подготовка файлов к повторному импорту…
[  33% ] reimport | Подготовка файлов к повторному импорту…
[  44% ] reimport | Подготовка файлов к повторному импорту…
[  55% ] reimport | Подготовка файлов к повторному импорту…
[  66% ] reimport | Подготовка файлов к повторному импорту…
[  77% ] reimport | Подготовка файлов к повторному импорту…
[   0% ] reimport | Выполнение предимпортных операций…
[   0% ] reimport | bus_shelter.glb
[   0% ] import | Started Импортировать сцену (104 steps)
[   0% ] import | Импорт сцены…
[   1% ] import | Запуск пользовательского скрипта…
[  99% ] import | Сохранение…
[ DONE ] import

[  11% ] reimport | bus_stop_sign.glb
[   0% ] import | Started Импортировать сцену (104 steps)
[   0% ] import | Импорт сцены…
[   1% ] import | Запуск пользовательского скрипта…
[  99% ] import | Сохранение…
[ DONE ] import

[  22% ] reimport | parked_hatchback.glb
[   0% ] import | Started Импортировать сцену (104 steps)
[   0% ] import | Импорт сцены…
[   1% ] import | Запуск пользовательского скрипта…
[  99% ] import | Сохранение…
[ DONE ] import

[  33% ] reimport | parked_sedan.glb
[   0% ] import | Started Импортировать сцену (104 steps)
[   0% ] import | Импорт сцены…
[   1% ] import | Запуск пользовательского скрипта…
[  99% ] import | Сохранение…
[ DONE ] import

[  44% ] reimport | street_bench.glb
[   0% ] import | Started Импортировать сцену (104 steps)
[   0% ] import | Импорт сцены…
[   1% ] import | Запуск пользовательского скрипта…
[  99% ] import | Сохранение…
[ DONE ] import

[  55% ] reimport | street_bin.glb
[   0% ] import | Started Импортировать сцену (104 steps)
[   0% ] import | Импорт сцены…
[   1% ] import | Запуск пользовательского скрипта…
[  99% ] import | Сохранение…
[ DONE ] import

[  66% ] reimport | street_lamp.glb
[   0% ] import | Started Импортировать сцену (104 steps)
[   0% ] import | Импорт сцены…
[   1% ] import | Запуск пользовательского скрипта…
[  99% ] import | Сохранение…
[ DONE ] import

[  77% ] reimport | street_planter.glb
[   0% ] import | Started Импортировать сцену (104 steps)
[   0% ] import | Импорт сцены…
[   1% ] import | Запуск пользовательского скрипта…
[  99% ] import | Сохранение…
[ DONE ] import

[  88% ] reimport | Завершение импорта активов…
[ DONE ] reimport

[   0% ] reimport | Started Импорт или повторный импорт ассетов (8 steps)
[   0% ] reimport | Выполнение операций после реимпорта…
[ DONE ] reimport

[   0% ] loading_editor_layout | Started Загрузка редактора (5 steps)
[   0% ] loading_editor_layout | Загрузка макета редактора…
[  16% ] loading_editor_layout | Загрузка док-панели…
[  33% ] loading_editor_layout | Повторное открытие сцен…
[  50% ] loading_editor_layout | Загрузка макета центрального редактора…
[  66% ] loading_editor_layout | Загрузка макета окна плагина…
[  83% ] loading_editor_layout | Макет редактора готов.
[ DONE ] loading_editor_layout

