Godot Engine v4.7.2.stable.steam.ed1daf0bf - https://godotengine.org

[   0% ] first_scan_filesystem | Started Инициализация проекта (5 steps)
[   0% ] first_scan_filesystem | Сканирование структуры файлов…
[  16% ] first_scan_filesystem | Загрузка глобальных имен классов…
[  33% ] first_scan_filesystem | Проверка GDExtensions…
[  50% ] first_scan_filesystem | Создание скриптов автозагрузки…
[  66% ] first_scan_filesystem | Инициализация плагинов…
[  83% ] first_scan_filesystem | Начало сканирование файлов…
[ DONE ] first_scan_filesystem

[   0% ] update_scripts_classes | Started Регистрация глобальных классов… (2 steps)
[   0% ] update_scripts_classes | 
[  33% ] update_scripts_classes | 
[ DONE ] update_scripts_classes

[   0% ] _update_scan_actions | Started Сканирование действий… (16 steps)
[   0% ] _update_scan_actions | civilian_brute_a_gpu.glb
[   5% ] _update_scan_actions | civilian_brute_a_rigged.glb
[  11% ] _update_scan_actions | civilian_child_a_gpu.glb
[  17% ] _update_scan_actions | civilian_child_a_rigged.glb
[  23% ] _update_scan_actions | civilian_elder_a_gpu.glb
[  29% ] _update_scan_actions | civilian_elder_a_rigged.glb
[  35% ] _update_scan_actions | civilian_journalist_a_gpu.glb
[  41% ] _update_scan_actions | civilian_journalist_a_rigged.glb
[  47% ] _update_scan_actions | civilian_normal_a_gpu.glb
[  52% ] _update_scan_actions | civilian_normal_a_rigged.glb
[  58% ] _update_scan_actions | patient_zero_gpu.glb
[  64% ] _update_scan_actions | patient_zero_rigged.glb
[  70% ] _update_scan_actions | police_officer_a_gpu.glb
[  76% ] _update_scan_actions | police_officer_a_rigged.glb
[  82% ] _update_scan_actions | swat_officer_a_gpu.glb
[  88% ] _update_scan_actions | swat_officer_a_rigged.glb
[ DONE ] _update_scan_actions

[   0% ] reimport | Started Импорт или повторный импорт ассетов (32 steps)
[   0% ] reimport | Подготовка файлов к повторному импорту…
[   3% ] reimport | Подготовка файлов к повторному импорту…
[   6% ] reimport | Подготовка файлов к повторному импорту…
[   9% ] reimport | Подготовка файлов к повторному импорту…
[  12% ] reimport | Подготовка файлов к повторному импорту…
[  15% ] reimport | Подготовка файлов к повторному импорту…
[  18% ] reimport | Подготовка файлов к повторному импорту…
[  21% ] reimport | Подготовка файлов к повторному импорту…
[  24% ] reimport | Подготовка файлов к повторному импорту…
[  27% ] reimport | Подготовка файлов к повторному импорту…
[  30% ] reimport | Подготовка файлов к повторному импорту…
[  33% ] reimport | Подготовка файлов к повторному импорту…
[  36% ] reimport | Подготовка файлов к повторному импорту…
[  39% ] reimport | Подготовка файлов к повторному импорту…
[  42% ] reimport | Подготовка файлов к повторному импорту…
[  45% ] reimport | Подготовка файлов к повторному импорту…
[  48% ] reimport | Подготовка файлов к повторному импорту…
[  51% ] reimport | Подготовка файлов к повторному импорту…
[  54% ] reimport | Подготовка файлов к повторному импорту…
[  57% ] reimport | Подготовка файлов к повторному импорту…
[  60% ] reimport | Подготовка файлов к повторному импорту…
[  63% ] reimport | Подготовка файлов к повторному импорту…
[  66% ] reimport | Подготовка файлов к повторному импорту…
[  69% ] reimport | Подготовка файлов к повторному импорту…
[  72% ] reimport | Подготовка файлов к повторному импорту…
[  75% ] reimport | Подготовка файлов к повторному импорту…
[  78% ] reimport | Подготовка файлов к повторному импорту…
[  81% ] reimport | Подготовка файлов к повторному импорту…
[  84% ] reimport | Подготовка файлов к повторному импорту…
[  87% ] reimport | Подготовка файлов к повторному импорту…
[  90% ] reimport | Подготовка файлов к повторному импорту…
[  93% ] reimport | Подготовка файлов к повторному импорту…
[   0% ] reimport | Выполнение предимпортных операций…
[   0% ] preload_reimporting_scene | Started Подготовка сцен к перезагрузке (1 steps)
[   0% ] preload_reimporting_scene | Анализ сцены [пусто]
[  50% ] preload_reimporting_scene | Подготовка завершена.
[ DONE ] preload_reimporting_scene

[   0% ] reimport | patient_zero_gpu_patient_zero_palette.png
[   3% ] reimport | civilian_normal_a_rigged_patient_zero_palette.png
[   6% ] reimport | civilian_normal_a_gpu_patient_zero_palette.png
[   9% ] reimport | patient_zero_rigged_patient_zero_palette.png
[  12% ] reimport | civilian_journalist_a_rigged_patient_zero_palette.png
[  15% ] reimport | civilian_journalist_a_gpu_patient_zero_palette.png
[  18% ] reimport | police_officer_a_gpu_patient_zero_palette.png
[  21% ] reimport | civilian_elder_a_rigged_patient_zero_palette.png
[  24% ] reimport | civilian_elder_a_gpu_patient_zero_palette.png
[  27% ] reimport | police_officer_a_rigged_patient_zero_palette.png
[  30% ] reimport | civilian_child_a_rigged_patient_zero_palette.png
[  33% ] reimport | civilian_child_a_gpu_patient_zero_palette.png
[  36% ] reimport | swat_officer_a_gpu_patient_zero_palette.png
[  39% ] reimport | civilian_brute_a_rigged_patient_zero_palette.png
[  42% ] reimport | civilian_brute_a_gpu_patient_zero_palette.png
[  45% ] reimport | swat_officer_a_rigged_patient_zero_palette.png
[  48% ] reimport | police_officer_a_rigged.glb
[   0% ] import | Started Импортировать сцену (104 steps)
[   0% ] import | Импорт сцены…
[   1% ] import | Запуск пользовательского скрипта…
[  99% ] import | Сохранение…
[ DONE ] import

[  51% ] reimport | swat_officer_a_gpu.glb
[   0% ] import | Started Импортировать сцену (104 steps)
[   0% ] import | Импорт сцены…
[   1% ] import | Запуск пользовательского скрипта…
[  99% ] import | Сохранение…
[ DONE ] import

[  54% ] reimport | police_officer_a_gpu.glb
[   0% ] import | Started Импортировать сцену (104 steps)
[   0% ] import | Импорт сцены…
[   1% ] import | Запуск пользовательского скрипта…
[  99% ] import | Сохранение…
[ DONE ] import

[  57% ] reimport | swat_officer_a_rigged.glb
[   0% ] import | Started Импортировать сцену (104 steps)
[   0% ] import | Импорт сцены…
[   1% ] import | Запуск пользовательского скрипта…
[  99% ] import | Сохранение…
[ DONE ] import

[  60% ] reimport | patient_zero_rigged.glb
[   0% ] import | Started Импортировать сцену (104 steps)
[   0% ] import | Импорт сцены…
[   1% ] import | Запуск пользовательского скрипта…
[  99% ] import | Сохранение…
[ DONE ] import

[  63% ] reimport | patient_zero_gpu.glb
[   0% ] import | Started Импортировать сцену (104 steps)
[   0% ] import | Импорт сцены…
[   1% ] import | Запуск пользовательского скрипта…
[  99% ] import | Сохранение…
[ DONE ] import

[  66% ] reimport | civilian_normal_a_rigged.glb
[   0% ] import | Started Импортировать сцену (104 steps)
[   0% ] import | Импорт сцены…
[   1% ] import | Запуск пользовательского скрипта…
[  99% ] import | Сохранение…
[ DONE ] import

[  69% ] reimport | civilian_normal_a_gpu.glb
[   0% ] import | Started Импортировать сцену (104 steps)
[   0% ] import | Импорт сцены…
[   1% ] import | Запуск пользовательского скрипта…
[  99% ] import | Сохранение…
[ DONE ] import

[  72% ] reimport | civilian_journalist_a_rigged.glb
[   0% ] import | Started Импортировать сцену (104 steps)
[   0% ] import | Импорт сцены…
[   1% ] import | Запуск пользовательского скрипта…
[  99% ] import | Сохранение…
[ DONE ] import

[  75% ] reimport | civilian_journalist_a_gpu.glb
[   0% ] import | Started Импортировать сцену (104 steps)
[   0% ] import | Импорт сцены…
[   1% ] import | Запуск пользовательского скрипта…
[  99% ] import | Сохранение…
[ DONE ] import

[  78% ] reimport | civilian_elder_a_rigged.glb
[   0% ] import | Started Импортировать сцену (104 steps)
[   0% ] import | Импорт сцены…
[   1% ] import | Запуск пользовательского скрипта…
[  99% ] import | Сохранение…
[ DONE ] import

[  81% ] reimport | civilian_elder_a_gpu.glb
[   0% ] import | Started Импортировать сцену (104 steps)
[   0% ] import | Импорт сцены…
[   1% ] import | Запуск пользовательского скрипта…
[  99% ] import | Сохранение…
[ DONE ] import

[  84% ] reimport | civilian_child_a_rigged.glb
[   0% ] import | Started Импортировать сцену (104 steps)
[   0% ] import | Импорт сцены…
[   1% ] import | Запуск пользовательского скрипта…
[  99% ] import | Сохранение…
[ DONE ] import

[  87% ] reimport | civilian_child_a_gpu.glb
[   0% ] import | Started Импортировать сцену (104 steps)
[   0% ] import | Импорт сцены…
[   1% ] import | Запуск пользовательского скрипта…
[  99% ] import | Сохранение…
[ DONE ] import

[  90% ] reimport | civilian_brute_a_rigged.glb
[   0% ] import | Started Импортировать сцену (104 steps)
[   0% ] import | Импорт сцены…
[   1% ] import | Запуск пользовательского скрипта…
[  99% ] import | Сохранение…
[ DONE ] import

[  93% ] reimport | civilian_brute_a_gpu.glb
[   0% ] import | Started Импортировать сцену (104 steps)
[   0% ] import | Импорт сцены…
[   1% ] import | Запуск пользовательского скрипта…
[  99% ] import | Сохранение…
[ DONE ] import

[  96% ] reimport | Завершение импорта активов…
[ DONE ] reimport

[   0% ] reimport | Started Импорт или повторный импорт ассетов (32 steps)
[   0% ] reimport | Выполнение операций после реимпорта…
[ DONE ] reimport

[   0% ] loading_editor_layout | Started Загрузка редактора (5 steps)
[   0% ] loading_editor_layout | Загрузка макета редактора…
[  16% ] loading_editor_layout | Загрузка док-панели…
[  33% ] loading_editor_layout | Повторное открытие сцен…
[  50% ] loading_editor_layout | Загрузка макета центрального редактора…
[  66% ] loading_editor_layout | Загрузка макета окна плагина…
[  83% ] loading_editor_layout | Макет редактора готов.
[ DONE ] loading_editor_layout

